###############################################################################
#
# IAR ELF Linker V7.40.3.8902/W32 for ARM                 21/Mar/2016  20:54:15
# Copyright 2007-2015 IAR Systems AB.
#
#    Output file  =  
#        C:\Users\xuliang\Desktop\浮点科技电轨组金属传感器模块驱动代码2\Prj\IAR\FX15_Debug\Exe\vcan_Kinetis.out
#    Map file     =  
#        C:\Users\xuliang\Desktop\浮点科技电轨组金属传感器模块驱动代码2\Prj\IAR\FX15_Debug\List\vcan_Kinetis.map
#    Command line =  
#        C:\Users\xuliang\Desktop\浮点科技电轨组金属传感器模块驱动代码2\Prj\IAR\FX15_Debug\Obj\LDC1000.o
#        C:\Users\xuliang\Desktop\浮点科技电轨组金属传感器模块驱动代码2\Prj\IAR\FX15_Debug\Obj\main.o
#        C:\Users\xuliang\Desktop\浮点科技电轨组金属传感器模块驱动代码2\Prj\IAR\FX15_Debug\Obj\misc.o
#        C:\Users\xuliang\Desktop\浮点科技电轨组金属传感器模块驱动代码2\Prj\IAR\FX15_Debug\Obj\MK60_adc.o
#        C:\Users\xuliang\Desktop\浮点科技电轨组金属传感器模块驱动代码2\Prj\IAR\FX15_Debug\Obj\MK60_conf.o
#        C:\Users\xuliang\Desktop\浮点科技电轨组金属传感器模块驱动代码2\Prj\IAR\FX15_Debug\Obj\MK60_DWT.o
#        C:\Users\xuliang\Desktop\浮点科技电轨组金属传感器模块驱动代码2\Prj\IAR\FX15_Debug\Obj\MK60_flash.o
#        C:\Users\xuliang\Desktop\浮点科技电轨组金属传感器模块驱动代码2\Prj\IAR\FX15_Debug\Obj\MK60_ftm.o
#        C:\Users\xuliang\Desktop\浮点科技电轨组金属传感器模块驱动代码2\Prj\IAR\FX15_Debug\Obj\MK60_gpio.o
#        C:\Users\xuliang\Desktop\浮点科技电轨组金属传感器模块驱动代码2\Prj\IAR\FX15_Debug\Obj\MK60_i2c.o
#        C:\Users\xuliang\Desktop\浮点科技电轨组金属传感器模块驱动代码2\Prj\IAR\FX15_Debug\Obj\MK60_it.o
#        C:\Users\xuliang\Desktop\浮点科技电轨组金属传感器模块驱动代码2\Prj\IAR\FX15_Debug\Obj\MK60_lptmr.o
#        C:\Users\xuliang\Desktop\浮点科技电轨组金属传感器模块驱动代码2\Prj\IAR\FX15_Debug\Obj\MK60_mcg.o
#        C:\Users\xuliang\Desktop\浮点科技电轨组金属传感器模块驱动代码2\Prj\IAR\FX15_Debug\Obj\MK60_PIT.o
#        C:\Users\xuliang\Desktop\浮点科技电轨组金属传感器模块驱动代码2\Prj\IAR\FX15_Debug\Obj\MK60_port.o
#        C:\Users\xuliang\Desktop\浮点科技电轨组金属传感器模块驱动代码2\Prj\IAR\FX15_Debug\Obj\MK60_rtc.o
#        C:\Users\xuliang\Desktop\浮点科技电轨组金属传感器模块驱动代码2\Prj\IAR\FX15_Debug\Obj\MK60_spi.o
#        C:\Users\xuliang\Desktop\浮点科技电轨组金属传感器模块驱动代码2\Prj\IAR\FX15_Debug\Obj\MK60_SysTick.o
#        C:\Users\xuliang\Desktop\浮点科技电轨组金属传感器模块驱动代码2\Prj\IAR\FX15_Debug\Obj\MK60_uart.o
#        C:\Users\xuliang\Desktop\浮点科技电轨组金属传感器模块驱动代码2\Prj\IAR\FX15_Debug\Obj\MK60_wdog.o
#        C:\Users\xuliang\Desktop\浮点科技电轨组金属传感器模块驱动代码2\Prj\IAR\FX15_Debug\Obj\oled.o
#        C:\Users\xuliang\Desktop\浮点科技电轨组金属传感器模块驱动代码2\Prj\IAR\FX15_Debug\Obj\speed.o
#        C:\Users\xuliang\Desktop\浮点科技电轨组金属传感器模块驱动代码2\Prj\IAR\FX15_Debug\Obj\startup_MK60DZ10.o
#        C:\Users\xuliang\Desktop\浮点科技电轨组金属传感器模块驱动代码2\Prj\IAR\FX15_Debug\Obj\system_MK60DZ10.o
#        C:\Users\xuliang\Desktop\浮点科技电轨组金属传感器模块驱动代码2\Prj\IAR\FX15_Debug\Obj\VCAN_key.o
#        C:\Users\xuliang\Desktop\浮点科技电轨组金属传感器模块驱动代码2\Prj\IAR\FX15_Debug\Obj\VCAN_LED.o
#        C:\Users\xuliang\Desktop\浮点科技电轨组金属传感器模块驱动代码2\Prj\IAR\FX15_Debug\Obj\VCAN_MMA7455.o
#        C:\Users\xuliang\Desktop\浮点科技电轨组金属传感器模块驱动代码2\Prj\IAR\FX15_Debug\Obj\VCAN_NRF24L0.o
#        C:\Users\xuliang\Desktop\浮点科技电轨组金属传感器模块驱动代码2\Prj\IAR\FX15_Debug\Obj\VCAN_RTC_count.o
#        C:\Users\xuliang\Desktop\浮点科技电轨组金属传感器模块驱动代码2\Prj\IAR\FX15_Debug\Obj\vectors.o
#        --redirect _Printf=_PrintfLargeNoMb --redirect _Scanf=_ScanfLargeNoMb
#        -o
#        C:\Users\xuliang\Desktop\浮点科技电轨组金属传感器模块驱动代码2\Prj\IAR\FX15_Debug\Exe\vcan_Kinetis.out
#        --map
#        C:\Users\xuliang\Desktop\浮点科技电轨组金属传感器模块驱动代码2\Prj\IAR\FX15_Debug\List\vcan_Kinetis.map
#        --config
#        "C:\Users\xuliang\Desktop\浮点科技电轨组金属传感器模块驱动代码2\Prj\IAR\config
#        files\vcan_ROM_K60X512.icf"
#        C:\Users\xuliang\Desktop\浮点科技电轨组金属传感器模块驱动代码2\Prj\IAR\..\..\Lib\CMSIS\iar_cortexM4l_math.a
#        --entry __iar_program_start --redirect __write=__write_buffered --vfe
#
###############################################################################

*******************************************************************************
*** RUNTIME MODEL ATTRIBUTES
***

CppFlavor       = *
__SystemLibrary = DLib


*******************************************************************************
*** PLACEMENT SUMMARY
***

"A1":  place at 0x00000000 { ro section .intvec };
"A2":  place at 0x00000410 { ro section .noinit };
"P1":  place in [from 0x00000000 to 0x00080000] |
                [from 0x10000000 to 0x1007ffff] { ro, block CodeRelocate };
"P2":  place in [from 0x14000000 to 0x14003fff] |
                [from 0x1fff0410 to 0x20010000] {
          rw, block CodeRelocateRam, block CSTACK, block HEAP };

  Section              Kind        Address    Size  Object
  -------              ----        -------    ----  ------
"A1":                                        0x410
  .intvec              const    0x00000000   0x410  vectors.o [1]
                              - 0x00000410   0x410

"A2":                                          0x8
  .noinit              ro code  0x00000410     0x8  startup_MK60DZ10.o [1]
                              - 0x00000418     0x8

"P1":                                       0x4758
  .text                ro code  0x00000418   0xbf6  xprintflarge_nomb.o [3]
  .text                ro code  0x0000100e     0x2  MK60_it.o [1]
  .text                ro code  0x00001010    0x16  strchr.o [5]
  .text                ro code  0x00001028    0x36  strlen.o [5]
  .text                ro code  0x00001060    0x58  memchr.o [5]
  .text                ro code  0x000010b8    0xee  I64DivMod.o [5]
  .text                ro code  0x000011a8    0x76  ABImemcpy_unaligned.o [5]
  .text                ro code  0x0000121e    0x42  xdnorm.o [4]
  .text                ro code  0x00001260    0x2e  DblCmpLe.o [4]
  .text                ro code  0x00001290   0x1a2  DblMul.o [4]
  .text                ro code  0x00001434   0x256  DblDiv.o [4]
  .text                ro code  0x0000168c    0x2c  DblToI32.o [4]
  .text                ro code  0x000016b8    0x1c  I32ToDbl.o [4]
  .text                ro code  0x000016d4   0x180  DblSub.o [4]
  .text                ro code  0x00001854    0x6c  localeconv.o [3]
  .text                ro code  0x000018c0     0xe  div.o [3]
  .text                ro code  0x000018d0     0x2  I64DivZer.o [5]
  .text                ro code  0x000018d4    0xd4  DblAdd.o [4]
  .text                ro code  0x000019a8     0x2  xtls.o [3]
  .text                ro code  0x000019ac   0x814  LDC1000.o [1]
  .text                ro code  0x000021c0    0xf0  MK60_gpio.o [1]
  .text                ro code  0x000022b0    0x4c  MK60_port.o [1]
  .text                ro code  0x000022fc    0x94  MK60_conf.o [1]
  .text                ro code  0x00002390    0x50  VCAN_LED.o [1]
  .text                ro code  0x000023e0    0x24  printf.o [3]
  .text                ro code  0x00002404    0xc0  MK60_PIT.o [1]
  .text                ro code  0x000024c4   0x240  MK60_uart.o [1]
  .data_init                    0x00002704   0x808  <Block>
    Initializer bytes  const    0x00002704   0x808  <for .data-1> (used: 0x804)
  .text                ro code  0x00002f0c   0x718  oled.o [1]
  .text                ro code  0x00003624    0x24  FltCmpLe.o [4]
  .text                ro code  0x00003648    0x44  FltToS32.o [4]
  .text                ro code  0x0000368c    0x32  I32ToFlt.o [4]
  .text                ro code  0x000036c0    0xe6  FltSub.o [4]
  .text                ro code  0x000037a8    0x24  FltCmpGe.o [4]
  .text                ro code  0x000037cc    0xd8  FltMul.o [4]
  .text                ro code  0x000038a4    0x84  FltAdd.o [4]
  .text                ro code  0x00003928   0x458  main.o [1]
  .text                ro code  0x00003d80   0x2b0  MK60_ftm.o [1]
  Veneer               ro code  0x00004030     0x8  - Linker created -
  .text                ro code  0x00004038   0x3b8  MK60_mcg.o [1]
  .rodata              const    0x000043f0   0x228  oled.o [1]
  .text                ro code  0x00004618   0x120  system_MK60DZ10.o [1]
  .text                ro code  0x00004738    0x40  MK60_wdog.o [1]
  .text                ro code  0x00004778    0x2c  misc.o [1]
  .rodata              const    0x000047a4    0x54  MK60_ftm.o [1]
  .rodata              const    0x000047f8    0x54  MK60_gpio.o [1]
  .rodata              const    0x0000484c    0x54  MK60_PIT.o [1]
  .rodata              const    0x000048a0    0x54  MK60_uart.o [1]
  .rodata              const    0x000048f4    0x50  misc.o [1]
  CodeRelocate                  0x00004944    0x50  <Block>
    Initializer bytes  const    0x00004944    0x50  <for CodeRelocateRam-1>
  .text                ro code  0x00004994    0x40  zero_init3.o [5]
  .rodata              const    0x000049d4    0x3c  MK60_conf.o [1]
  .text                ro code  0x00004a10    0x28  data_init.o [5]
  .rodata              const    0x00004a38    0x24  MK60_conf.o [1]
  .iar.init_table      const    0x00004a5c    0x10  - Linker created -
  .text                ro code  0x00004a6c    0x1a  cmain.o [5]
  .text                ro code  0x00004a86     0x4  low_level_init.o [3]
  .text                ro code  0x00004a8a     0x4  exit.o [3]
  .text                ro code  0x00004a90     0xa  cexit.o [5]
  .text                ro code  0x00004a9c     0xc  XXexit.o [5]
  .text                ro code  0x00004aa8    0x16  xprout.o [3]
  .text                ro code  0x00004ac0     0xc  putchar.o [3]
  .text                ro code  0x00004acc     0xc  cstartup_M.o [5]
  .rodata              const    0x00004ad8     0x8  main.o [1]
  .rodata              const    0x00004ae0     0x8  main.o [1]
  .rodata              const    0x00004ae8     0x0  zero_init3.o [5]
  Initializer bytes    const    0x00004ae8    0x88  <for P2 s0>
                              - 0x00004b70  0x4758

"P2":                                        0xa0c
  .data                         0x14000000   0x804  <Block>
    .data-1                     0x14000000   0x804  <Init block>
      .data            inited   0x14000000     0x1  LDC1000.o [1]
      .data            inited   0x14000001     0x1  LDC1000.o [1]
      .data            inited   0x14000002     0x1  LDC1000.o [1]
      .data            inited   0x14000004     0x4  main.o [1]
      .data            inited   0x14000008     0x4  main.o [1]
      .data            inited   0x1400000c     0x1  main.o [1]
      .data            inited   0x14000010   0x708  MK60_conf.o [1]
      .data            inited   0x14000718     0xc  MK60_ftm.o [1]
      .data            inited   0x14000724    0x14  MK60_gpio.o [1]
      .data            inited   0x14000738    0x58  MK60_mcg.o [1]
      .data            inited   0x14000790     0x4  MK60_mcg.o [1]
      .data            inited   0x14000794    0x14  MK60_port.o [1]
      .data            inited   0x140007a8    0x18  MK60_uart.o [1]
      .data            inited   0x140007c0     0x4  VCAN_LED.o [1]
      .data            inited   0x140007c4    0x40  xfiles.o [3]
  CodeRelocateRam               0x14000804    0x50  <Block>
    CodeRelocateRam-1           0x14000804    0x50  <Init block>
      .textrw          inited   0x14000804    0x50  MK60_mcg.o [1]
  .bss                          0x14000854   0x130  <Block>
    .bss               zero     0x14000854     0xc  LDC1000.o [1]
    .bss               zero     0x14000860     0x4  LDC1000.o [1]
    .bss               zero     0x14000864     0x4  LDC1000.o [1]
    .bss               zero     0x14000868     0x4  LDC1000.o [1]
    .bss               zero     0x1400086c     0x4  LDC1000.o [1]
    .bss               zero     0x14000870     0x4  LDC1000.o [1]
    .bss               zero     0x14000874     0x4  LDC1000.o [1]
    .bss               zero     0x14000878     0x4  LDC1000.o [1]
    .bss               zero     0x1400087c     0x4  LDC1000.o [1]
    .bss               zero     0x14000880    0x50  LDC1000.o [1]
    .bss               zero     0x140008d0    0x50  LDC1000.o [1]
    .bss               zero     0x14000920     0x4  system_MK60DZ10.o [1]
    .bss               zero     0x14000924     0x4  system_MK60DZ10.o [1]
    .bss               zero     0x14000928     0x4  system_MK60DZ10.o [1]
    .bss               zero     0x1400092c    0x50  xfiles.o [3]
    .bss               zero     0x1400097c     0x2  LDC1000.o [1]
    .bss               zero     0x1400097e     0x1  main.o [1]
    .bss               zero     0x1400097f     0x1  main.o [1]
    .bss               zero     0x14000980     0x1  main.o [1]
  P2 s0                         0x14000984    0x88  <Init block>
    __DLIB_PERTHREAD   inited   0x14000984    0x88  localeconv.o [3]
                              - 0x14000a0c   0xa0c


*******************************************************************************
*** INIT TABLE
***

          Address     Size
          -------     ----
Zero (__iar_zero_init3)
    1 destination range, total size 0x12d:
          0x14000854  0x12d



*******************************************************************************
*** MODULE SUMMARY
***

    Module                 ro code  rw code  ro data  rw data
    ------                 -------  -------  -------  -------
C:\Users\xuliang\Desktop\浮点科技电轨组金属传感器模块驱动代码2\Prj\IAR\FX15_Debug\Obj: [1]
    LDC1000.o                2 068                 3      209
    MK60_PIT.o                 192                84
    MK60_conf.o                148             1 899    1 800
    MK60_ftm.o                 688                96       12
    MK60_gpio.o                240               104       20
    MK60_it.o                    2
    MK60_mcg.o                 952       80      172       92
    MK60_port.o                 76                20       20
    MK60_uart.o                576               108       24
    MK60_wdog.o                 64
    VCAN_LED.o                  80                 4        4
    main.o                   1 112                26       12
    misc.o                      44                80
    oled.o                   1 816               552
    startup_MK60DZ10.o           8
    system_MK60DZ10.o          288                         12
    vectors.o                                  1 040
    ---------------------------------------------------------
    Total:                   8 354       80    4 188    2 205

command line: [2]
    ---------------------------------------------------------
    Total:

dl7M_tlf.a: [3]
    div.o                       14
    exit.o                       4
    localeconv.o               108               136      136
    low_level_init.o             4
    printf.o                    36
    putchar.o                   12
    xfiles.o                                      64      144
    xprintflarge_nomb.o      3 062
    xprout.o                    22
    xtls.o                       2
    ---------------------------------------------------------
    Total:                   3 264               200      280

m7M_tl.a: [4]
    DblAdd.o                   212
    DblCmpLe.o                  46
    DblDiv.o                   598
    DblMul.o                   418
    DblSub.o                   384
    DblToI32.o                  44
    FltAdd.o                   132
    FltCmpGe.o                  36
    FltCmpLe.o                  36
    FltMul.o                   216
    FltSub.o                   230
    FltToS32.o                  68
    I32ToDbl.o                  28
    I32ToFlt.o                  50
    xdnorm.o                    66
    ---------------------------------------------------------
    Total:                   2 564

rt7M_tl.a: [5]
    ABImemcpy_unaligned.o      118
    I64DivMod.o                238
    I64DivZer.o                  2
    XXexit.o                    12
    cexit.o                     10
    cmain.o                     26
    cstartup_M.o                12
    data_init.o                 40
    memchr.o                    88
    strchr.o                    22
    strlen.o                    54
    zero_init3.o                64
    ---------------------------------------------------------
    Total:                     686

    Gaps                        28                          4
    Linker created               8                20
-------------------------------------------------------------
    Grand Total:            14 904       80    4 408    2 489


*******************************************************************************
*** ENTRY LIST
***

Entry                      Address   Size  Type      Object
-----                      -------   ----  ----      ------
.bss$$Base              0x14000854          --   Gb  - Linker created -
.bss$$Limit             0x14000984          --   Gb  - Linker created -
.data$$Base             0x14000000          --   Gb  - Linker created -
.data$$Limit            0x14000804          --   Gb  - Linker created -
.data_init$$Base        0x00002704          --   Gb  - Linker created -
.data_init$$Limit       0x00002f0c          --   Gb  - Linker created -
.iar.init_table$$Base   0x00004a5c          --   Gb  - Linker created -
.iar.init_table$$Limit  0x00004a6c          --   Gb  - Linker created -
?main                   0x00004a6d         Code  Gb  cmain.o [5]
ASSERT_FAILED_STR       0x00004a38   0x24  Data  Gb  MK60_conf.o [1]
CodeRelocate$$Base      0x00004944          --   Gb  - Linker created -
CodeRelocate$$Limit     0x00004994          --   Gb  - Linker created -
CodeRelocateRam$$Base   0x14000804          --   Gb  - Linker created -
CodeRelocateRam$$Limit  0x14000854          --   Gb  - Linker created -
F6x8                    0x000043f0  0x228  Data  Gb  oled.o [1]
FLOAT_LDC_init_1        0x000019cd   0x74  Code  Gb  LDC1000.o [1]
FLOAT_LDC_init_2        0x00001dd5   0x74  Code  Gb  LDC1000.o [1]
FLOAT_SPI_RW_1          0x00001c79   0x86  Code  Gb  LDC1000.o [1]
FLOAT_SPI_RW_2          0x0000204b   0x78  Code  Gb  LDC1000.o [1]
FLOAT_SPI_Read_Buf_1    0x00001d7d   0x58  Code  Gb  LDC1000.o [1]
FLOAT_SPI_Read_Buf_2    0x00002139   0x50  Code  Gb  LDC1000.o [1]
FLOAT_SPI_init_1        0x00001c11   0x68  Code  Gb  LDC1000.o [1]
FLOAT_SPI_init_2        0x00001fef   0x5c  Code  Gb  LDC1000.o [1]
FLOAT_Singal_SPI_Write_1
                        0x00001d01   0x7c  Code  Gb  LDC1000.o [1]
FLOAT_Singal_SPI_Write_2
                        0x000020c5   0x74  Code  Gb  LDC1000.o [1]
FLOAT_delay_us          0x000019ad   0x20  Code  Gb  LDC1000.o [1]
FTMN                    0x14000718    0xc  Data  Gb  MK60_ftm.o [1]
FTM_PWM_init            0x00003e99  0x180  Code  Gb  MK60_ftm.o [1]
FTM_port_mux            0x00003d81  0x118  Code  Gb  MK60_ftm.o [1]
GIPO_init               0x00003941   0x6c  Code  Gb  main.o [1]
GPIOX                   0x14000724   0x14  Data  Gb  MK60_gpio.o [1]
KEY_DLY_ms              0x00003929   0x18  Code  Gb  main.o [1]
LCD_CLS                 0x00003075   0x3c  Code  Gb  oled.o [1]
LCD_DLY_ms              0x000030eb   0x1a  Code  Gb  oled.o [1]
LCD_Fill                0x00003035   0x40  Code  Gb  oled.o [1]
LCD_Init                0x00003105  0x122  Code  Gb  oled.o [1]
LCD_Set_Pos             0x00003007   0x2e  Code  Gb  oled.o [1]
LCD_WrCmd               0x00002f8d   0x7a  Code  Gb  oled.o [1]
LCD_WrDat               0x00002f0d   0x7e  Code  Gb  oled.o [1]
LCD_clear_L             0x000030b1   0x3a  Code  Gb  oled.o [1]
LDC_val1                0x14000878    0x4  Data  Gb  LDC1000.o [1]
LDC_val2                0x1400087c    0x4  Data  Gb  LDC1000.o [1]
LED_PTxn                0x140007c0    0x4  Data  Gb  VCAN_LED.o [1]
LoadInt                 0x00000999   0x6e  Code  Lc  xprintflarge_nomb.o [3]
PIT0_IRQHandler         0x0000100f    0x2  Code  Gb  MK60_it.o [1]
PORTX                   0x14000794   0x14  Data  Gb  MK60_port.o [1]
RPMAX                   0x14000000    0x1  Data  Gb  LDC1000.o [1]
RPMIN                   0x14000001    0x1  Data  Gb  LDC1000.o [1]
Region$$Table$$Base     0x00004a5c          --   Gb  - Linker created -
Region$$Table$$Limit    0x00004a6c          --   Gb  - Linker created -
Reset_Handler           0x00000411         Code  Gb  startup_MK60DZ10.o [1]
UARTN                   0x140007a8   0x18  Data  Gb  MK60_uart.o [1]
_GenldLargeNoMb         0x00000d8d  0x238  Code  Lc  xprintflarge_nomb.o [3]
_LdtobLargeNoMb         0x00000b0d  0x27a  Code  Lc  xprintflarge_nomb.o [3]
_LitobLargeNoMb         0x00000a07  0x106  Code  Lc  xprintflarge_nomb.o [3]
_Locale_aeabi_lconv     0x140009d4   0x38  Data  Gb  localeconv.o [3]
_Locale_lconv           0x14000984   0x50  Data  Gb  localeconv.o [3]
_PrintfLargeNoMb        0x00000419  0x57a  Code  Gb  xprintflarge_nomb.o [3]
_Prout                  0x00004aa9   0x16  Code  Gb  xprout.o [3]
_PutcharsLargeNoMb      0x00000fc5   0x2e  Code  Lc  xprintflarge_nomb.o [3]
__BOOT_STACK_ADDRESS {Abs}
                        0x2000fff8          --   Gb  command line/config [2]
__VECTOR_RAM {Abs}      0x1fff0000          --   Gb  command line/config [2]
__VECTOR_TABLE {Abs}    0x00000000          --   Gb  command line/config [2]
__aeabi_cdcmple         0x00001261         Code  Gb  DblCmpLe.o [4]
__aeabi_cfcmple         0x00003625         Code  Gb  FltCmpLe.o [4]
__aeabi_cfrcmple        0x000037a9         Code  Gb  FltCmpGe.o [4]
__aeabi_d2uiz           0x0000168d         Code  Gb  DblToI32.o [4]
__aeabi_ddiv            0x00001435         Code  Gb  DblDiv.o [4]
__aeabi_dmul            0x00001291         Code  Gb  DblMul.o [4]
__aeabi_dsub            0x000016d5         Code  Gb  DblSub.o [4]
__aeabi_f2iz            0x00003649         Code  Gb  FltToS32.o [4]
__aeabi_fadd            0x000038a5         Code  Gb  FltAdd.o [4]
__aeabi_fmul            0x000037cd         Code  Gb  FltMul.o [4]
__aeabi_fsub            0x000036c1         Code  Gb  FltSub.o [4]
__aeabi_i2f             0x0000368d         Code  Gb  I32ToFlt.o [4]
__aeabi_ldiv0           0x000018d1         Code  Gb  I64DivZer.o [5]
__aeabi_ui2d            0x000016b9         Code  Gb  I32ToDbl.o [4]
__aeabi_ui2f            0x000036a1         Code  Gb  I32ToFlt.o [4]
__aeabi_uldivmod        0x000010b9         Code  Gb  I64DivMod.o [5]
__cmain                 0x00004a6d         Code  Gb  cmain.o [5]
__code_start__ {Abs}    0x00000410          --   Gb  command line/config [2]
__exit                  0x00004a9d         Code  Gb  XXexit.o [5]
__iar_Dnorm             0x0000121f   0x42  Code  Gb  xdnorm.o [4]
__iar_Locale_lconv_init
                        0x00001855   0x3a  Code  Gb  localeconv.o [3]
__iar_Memchr            0x00001061         Code  Gb  memchr.o [5]
__iar_Stdout            0x140007c4   0x40  Data  Gb  xfiles.o [3]
__iar_Strchr            0x00001011         Code  Gb  strchr.o [5]
__iar_d2uiz             0x00001699         Code  Gb  DblToI32.o [4]
__iar_dadd              0x000018d5         Code  Gb  DblAdd.o [4]
__iar_data_init3        0x00004a11   0x28  Code  Gb  data_init.o [5]
__iar_dlib_perthread_access
                        0x000019a9    0x2  Code  Gb  xtls.o [3]
__iar_dsub              0x000016e9         Code  Gb  DblSub.o [4]
__iar_dsubStart         0x000016fb         Code  Gb  DblSub.o [4]
__iar_fadd              0x000038b5         Code  Gb  FltAdd.o [4]
__iar_fsub              0x000036d1         Code  Gb  FltSub.o [4]
__iar_fsubStart         0x000036e1         Code  Gb  FltSub.o [4]
__iar_program_start     0x00004acd         Code  Gb  cstartup_M.o [5]
__iar_ui2d              0x000016bd         Code  Gb  I32ToDbl.o [4]
__iar_ui2f              0x000036a5         Code  Gb  I32ToFlt.o [4]
__iar_unaligned___aeabi_memcpy
                        0x000011a9         Code  Gb  ABImemcpy_unaligned.o [5]
__iar_unaligned___aeabi_memcpy4
                        0x000011c9         Code  Gb  ABImemcpy_unaligned.o [5]
__iar_unaligned___aeabi_memcpy8
                        0x000011c9         Code  Gb  ABImemcpy_unaligned.o [5]
__iar_zero_init3        0x00004995   0x40  Code  Gb  zero_init3.o [5]
__low_level_init        0x00004a87    0x4  Code  Gb  low_level_init.o [3]
__vector_table          0x00000000  0x410  Data  Gb  vectors.o [1]
_call_main              0x00004a79         Code  Gb  cmain.o [5]
_exit                   0x00004a91         Code  Gb  cexit.o [5]
_main                   0x00004a83         Code  Gb  cmain.o [5]
assert_failed           0x000022fd   0x30  Code  Gb  MK60_conf.o [1]
bus_clk_khz             0x14000928    0x4  Data  Gb  system_MK60DZ10.o [1]
change_value            0x00003a55   0xac  Code  Gb  main.o [1]
common_startup          0x00004669   0x98  Code  Gb  system_MK60DZ10.o [1]
core_clk_khz            0x14000920    0x4  Data  Gb  system_MK60DZ10.o [1]
core_clk_mhz            0x14000924    0x4  Data  Gb  system_MK60DZ10.o [1]
default_isr             0x00002341   0x3a  Code  Gb  MK60_conf.o [1]
div                     0x000018c1    0xe  Code  Gb  div.o [3]
exit                    0x00004a8b    0x4  Code  Gb  exit.o [3]
filter_1                0x00001aff  0x112  Code  Gb  LDC1000.o [1]
filter_2                0x00001ef3   0xfc  Code  Gb  LDC1000.o [1]
fputc                   0x0000232d   0x14  Code  Gb  MK60_conf.o [1]
go                      0x14000980    0x1  Data  Gb  main.o [1]
gpio_init               0x000021c1   0xae  Code  Gb  MK60_gpio.o [1]
gpio_turn               0x0000226f   0x3a  Code  Gb  MK60_gpio.o [1]
ldc_read_avr_1          0x00001a41   0xbe  Code  Gb  LDC1000.o [1]
ldc_read_avr_2          0x00001e49   0xaa  Code  Gb  LDC1000.o [1]
led_init                0x00002391   0x3a  Code  Gb  VCAN_LED.o [1]
led_turn                0x000023cb   0x10  Code  Gb  VCAN_LED.o [1]
line_num                0x1400097f    0x1  Data  Gb  main.o [1]
localeconv              0x0000188f   0x16  Code  Gb  localeconv.o [3]
main                    0x00003ca9   0xa4  Code  Gb  main.o [1]
mcg_cfg                 0x14000738   0x58  Data  Gb  MK60_mcg.o [1]
mcg_div                 0x14000790    0x4  Data  Gb  MK60_mcg.o [1]
mcg_div_count           0x00004039  0x2e8  Code  Gb  MK60_mcg.o [1]
memchr                  0x00001061         Code  Gb  memchr.o [5]
mid_angle               0x14000004    0x4  Data  Gb  main.o [1]
new_value_buf           0x140008d0   0x50  Data  Gb  LDC1000.o [1]
obuf                    0x1400092c   0x50  Data  Lc  xfiles.o [3]
orgVal                  0x14000854    0xc  Data  Gb  LDC1000.o [1]
page_num                0x1400097e    0x1  Data  Gb  main.o [1]
pit_delay               0x00002405   0xb0  Code  Gb  MK60_PIT.o [1]
pll_init                0x00004321   0xb2  Code  Gb  MK60_mcg.o [1]
port_init               0x000022b1   0x44  Code  Gb  MK60_port.o [1]
pre_show                0x000039ad   0xa8  Code  Gb  main.o [1]
printf                  0x000023e1   0x24  Code  Gb  printf.o [3]
proximtyData            0x1400097c    0x2  Data  Gb  LDC1000.o [1]
proximtyDataAVE         0x14000870    0x4  Data  Gb  LDC1000.o [1]
proximtyDataAVE_LAS     0x14000874    0x4  Data  Gb  LDC1000.o [1]
proximtyDataMAX         0x14000864    0x4  Data  Gb  LDC1000.o [1]
proximtyDataMIN         0x14000868    0x4  Data  Gb  LDC1000.o [1]
proximtyDataSUM         0x1400086c    0x4  Data  Gb  LDC1000.o [1]
proximtyDataTEMP        0x14000860    0x4  Data  Gb  LDC1000.o [1]
putchar                 0x00004ac1    0xc  Code  Gb  putchar.o [3]
rpi_max                 0x14000002    0x1  Data  Gb  LDC1000.o [1]
scan_key                0x00003b01  0x1a2  Code  Gb  main.o [1]
servo_middle            0x1400000c    0x1  Data  Gb  main.o [1]
set_sys_dividers        0x14000805   0x50  Code  Gb  MK60_mcg.o [1]
start                   0x00004619   0x14  Code  Gb  system_MK60DZ10.o [1]
strchr                  0x00001011         Code  Gb  strchr.o [5]
strlen                  0x00001029         Code  Gb  strlen.o [5]
sysinit                 0x0000462d   0x3c  Code  Gb  system_MK60DZ10.o [1]
top_k                   0x14000008    0x4  Data  Gb  main.o [1]
uart_init               0x000024c5  0x20c  Code  Gb  MK60_uart.o [1]
uart_putchar            0x000026d1   0x1a  Code  Gb  MK60_uart.o [1]
value_buf               0x14000880   0x50  Data  Gb  LDC1000.o [1]
vector_str              0x14000010  0x708  Data  Gb  MK60_conf.o [1]
wdog_disable            0x00004739   0x16  Code  Gb  MK60_wdog.o [1]
wdog_unlock             0x00004751   0x20  Code  Lc  MK60_wdog.o [1]
write_6_8_char          0x00003227   0x50  Code  Gb  oled.o [1]
write_6_8_number        0x000032f3  0x2f8  Code  Gb  oled.o [1]
write_6_8_string        0x00003277   0x7c  Code  Gb  oled.o [1]
write_vtor              0x00004779   0x22  Code  Gb  misc.o [1]


[1] = C:\Users\xuliang\Desktop\浮点科技电轨组金属传感器模块驱动代码2\Prj\IAR\FX15_Debug\Obj
[2] = command line
[3] = dl7M_tlf.a
[4] = m7M_tl.a
[5] = rt7M_tl.a

  14 904 bytes of readonly  code memory
      80 bytes of readwrite code memory
   4 408 bytes of readonly  data memory
   2 489 bytes of readwrite data memory

Errors: none
Warnings: none
