###############################################################################
#
# IAR ELF Linker V7.40.3.8902/W32 for ARM                 25/Apr/2016  13:43:39
# Copyright 2007-2015 IAR Systems AB.
#
#    Output file  =  
#        F:\电轨程序1\电轨程序22\Prj\IAR\FX15_Debug\Exe\vcan_Kinetis.out
#    Map file     =  
#        F:\电轨程序1\电轨程序22\Prj\IAR\FX15_Debug\List\vcan_Kinetis.map
#    Command line =  
#        F:\电轨程序1\电轨程序22\Prj\IAR\FX15_Debug\Obj\LDC1000.o
#        F:\电轨程序1\电轨程序22\Prj\IAR\FX15_Debug\Obj\main.o
#        F:\电轨程序1\电轨程序22\Prj\IAR\FX15_Debug\Obj\misc.o
#        F:\电轨程序1\电轨程序22\Prj\IAR\FX15_Debug\Obj\MK60_adc.o
#        F:\电轨程序1\电轨程序22\Prj\IAR\FX15_Debug\Obj\MK60_conf.o
#        F:\电轨程序1\电轨程序22\Prj\IAR\FX15_Debug\Obj\MK60_DWT.o
#        F:\电轨程序1\电轨程序22\Prj\IAR\FX15_Debug\Obj\MK60_flash.o
#        F:\电轨程序1\电轨程序22\Prj\IAR\FX15_Debug\Obj\MK60_ftm.o
#        F:\电轨程序1\电轨程序22\Prj\IAR\FX15_Debug\Obj\MK60_gpio.o
#        F:\电轨程序1\电轨程序22\Prj\IAR\FX15_Debug\Obj\MK60_i2c.o
#        F:\电轨程序1\电轨程序22\Prj\IAR\FX15_Debug\Obj\MK60_it.o
#        F:\电轨程序1\电轨程序22\Prj\IAR\FX15_Debug\Obj\MK60_lptmr.o
#        F:\电轨程序1\电轨程序22\Prj\IAR\FX15_Debug\Obj\MK60_mcg.o
#        F:\电轨程序1\电轨程序22\Prj\IAR\FX15_Debug\Obj\MK60_PIT.o
#        F:\电轨程序1\电轨程序22\Prj\IAR\FX15_Debug\Obj\MK60_port.o
#        F:\电轨程序1\电轨程序22\Prj\IAR\FX15_Debug\Obj\MK60_rtc.o
#        F:\电轨程序1\电轨程序22\Prj\IAR\FX15_Debug\Obj\MK60_spi.o
#        F:\电轨程序1\电轨程序22\Prj\IAR\FX15_Debug\Obj\MK60_SysTick.o
#        F:\电轨程序1\电轨程序22\Prj\IAR\FX15_Debug\Obj\MK60_uart.o
#        F:\电轨程序1\电轨程序22\Prj\IAR\FX15_Debug\Obj\MK60_wdog.o
#        F:\电轨程序1\电轨程序22\Prj\IAR\FX15_Debug\Obj\oled.o
#        F:\电轨程序1\电轨程序22\Prj\IAR\FX15_Debug\Obj\speed.o
#        F:\电轨程序1\电轨程序22\Prj\IAR\FX15_Debug\Obj\startup_MK60DZ10.o
#        F:\电轨程序1\电轨程序22\Prj\IAR\FX15_Debug\Obj\system_MK60DZ10.o
#        F:\电轨程序1\电轨程序22\Prj\IAR\FX15_Debug\Obj\VCAN_key.o
#        F:\电轨程序1\电轨程序22\Prj\IAR\FX15_Debug\Obj\VCAN_LED.o
#        F:\电轨程序1\电轨程序22\Prj\IAR\FX15_Debug\Obj\VCAN_MMA7455.o
#        F:\电轨程序1\电轨程序22\Prj\IAR\FX15_Debug\Obj\VCAN_NRF24L0.o
#        F:\电轨程序1\电轨程序22\Prj\IAR\FX15_Debug\Obj\VCAN_RTC_count.o
#        F:\电轨程序1\电轨程序22\Prj\IAR\FX15_Debug\Obj\vectors.o --redirect
#        _Printf=_PrintfLargeNoMb --redirect _Scanf=_ScanfLargeNoMb -o
#        F:\电轨程序1\电轨程序22\Prj\IAR\FX15_Debug\Exe\vcan_Kinetis.out --map
#        F:\电轨程序1\电轨程序22\Prj\IAR\FX15_Debug\List\vcan_Kinetis.map
#        --config "F:\电轨程序1\电轨程序22\Prj\IAR\config
#        files\vcan_ROM_K60X512.icf"
#        F:\电轨程序1\电轨程序22\Prj\IAR\..\..\Lib\CMSIS\iar_cortexM4l_math.a
#        --entry __iar_program_start --redirect __write=__write_buffered --vfe
#
###############################################################################

*******************************************************************************
*** RUNTIME MODEL ATTRIBUTES
***

CppFlavor       = *
__SystemLibrary = DLib


*******************************************************************************
*** PLACEMENT SUMMARY
***

"A1":  place at 0x00000000 { ro section .intvec };
"A2":  place at 0x00000410 { ro section .noinit };
"P1":  place in [from 0x00000000 to 0x00080000] |
                [from 0x10000000 to 0x1007ffff] { ro, block CodeRelocate };
"P2":  place in [from 0x14000000 to 0x14003fff] |
                [from 0x1fff0410 to 0x20010000] {
          rw, block CodeRelocateRam, block CSTACK, block HEAP };

  Section              Kind        Address    Size  Object
  -------              ----        -------    ----  ------
"A1":                                        0x410
  .intvec              const    0x00000000   0x410  vectors.o [1]
                              - 0x00000410   0x410

"A2":                                          0x8
  .noinit              ro code  0x00000410     0x8  startup_MK60DZ10.o [1]
                              - 0x00000418     0x8

"P1":                                       0x4948
  .text                ro code  0x00000418   0xbf6  xprintflarge_nomb.o [3]
  .text                ro code  0x0000100e     0x2  MK60_it.o [1]
  .text                ro code  0x00001010    0x16  strchr.o [5]
  .text                ro code  0x00001028    0x36  strlen.o [5]
  .text                ro code  0x00001060    0x58  memchr.o [5]
  .text                ro code  0x000010b8    0xee  I64DivMod.o [5]
  .text                ro code  0x000011a8    0x76  ABImemcpy_unaligned.o [5]
  .text                ro code  0x0000121e    0x42  xdnorm.o [4]
  .text                ro code  0x00001260    0x2e  DblCmpLe.o [4]
  .text                ro code  0x00001290   0x1a2  DblMul.o [4]
  .text                ro code  0x00001434   0x256  DblDiv.o [4]
  .text                ro code  0x0000168c    0x58  DblToI32.o [4]
  .text                ro code  0x000016e4    0x30  I32ToDbl.o [4]
  .text                ro code  0x00001714   0x180  DblSub.o [4]
  .text                ro code  0x00001894    0x6c  localeconv.o [3]
  .text                ro code  0x00001900     0xe  div.o [3]
  .text                ro code  0x00001910     0x2  I64DivZer.o [5]
  .text                ro code  0x00001914    0xe8  DblAdd.o [4]
  .text                ro code  0x000019fc     0x2  xtls.o [3]
  .data_init                    0x00001a00   0x80c  <Block>
    Initializer bytes  const    0x00001a00   0x80c  <for .data-1> (used: 0x808)
  .text                ro code  0x0000220c   0x6dc  oled.o [1]
  .text                ro code  0x000028e8    0x24  FltCmpLe.o [4]
  .text                ro code  0x0000290c    0x44  FltToS32.o [4]
  .text                ro code  0x00002950    0x32  I32ToFlt.o [4]
  .text                ro code  0x00002984    0xe6  FltSub.o [4]
  .text                ro code  0x00002a6c    0x24  FltCmpGe.o [4]
  .text                ro code  0x00002a90    0xd8  FltMul.o [4]
  .text                ro code  0x00002b68    0x84  FltAdd.o [4]
  .text                ro code  0x00002bec   0x5c4  main.o [1]
  .text                ro code  0x000031b0   0x1a4  MK60_gpio.o [1]
  .text                ro code  0x00003354   0x398  MK60_ftm.o [1]
  .text                ro code  0x000036ec   0x590  LDC1000.o [1]
  .text                ro code  0x00003c7c    0xfc  FltDiv.o [4]
  .text                ro code  0x00003d78    0x4e  FltToDbl.o [4]
  .text                ro code  0x00003dc8    0x90  DblToFlt.o [4]
  .text                ro code  0x00003e58   0x240  MK60_uart.o [1]
  .text                ro code  0x00004098    0x4c  MK60_port.o [1]
  .text                ro code  0x000040e4    0x94  MK60_conf.o [1]
  .text                ro code  0x00004178    0x50  VCAN_LED.o [1]
  .text                ro code  0x000041c8    0x24  printf.o [3]
  .text                ro code  0x000041ec    0xc0  MK60_PIT.o [1]
  Veneer               ro code  0x000042ac     0x8  - Linker created -
  .text                ro code  0x000042b4   0x3b8  MK60_mcg.o [1]
  .rodata              const    0x0000466c   0x228  oled.o [1]
  .text                ro code  0x00004894   0x120  system_MK60DZ10.o [1]
  .text                ro code  0x000049b4    0x40  MK60_wdog.o [1]
  .text                ro code  0x000049f4    0x2c  misc.o [1]
  CodeRelocate                  0x00004a20    0x50  <Block>
    Initializer bytes  const    0x00004a20    0x50  <for CodeRelocateRam-1>
  .text                ro code  0x00004a70    0x40  zero_init3.o [5]
  .rodata              const    0x00004ab0    0x3c  MK60_conf.o [1]
  .rodata              const    0x00004aec    0x38  MK60_ftm.o [1]
  .rodata              const    0x00004b24    0x38  MK60_gpio.o [1]
  .rodata              const    0x00004b5c    0x38  MK60_PIT.o [1]
  .rodata              const    0x00004b94    0x38  MK60_uart.o [1]
  .rodata              const    0x00004bcc    0x34  misc.o [1]
  .text                ro code  0x00004c00    0x28  data_init.o [5]
  .rodata              const    0x00004c28    0x24  MK60_conf.o [1]
  .iar.init_table      const    0x00004c4c    0x10  - Linker created -
  .text                ro code  0x00004c5c    0x1a  cmain.o [5]
  .text                ro code  0x00004c76     0x4  low_level_init.o [3]
  .text                ro code  0x00004c7a     0x4  exit.o [3]
  .text                ro code  0x00004c80     0xa  cexit.o [5]
  .text                ro code  0x00004c8c     0xc  XXexit.o [5]
  .text                ro code  0x00004c98    0x16  xprout.o [3]
  .text                ro code  0x00004cb0     0xc  putchar.o [3]
  .text                ro code  0x00004cbc     0xc  cstartup_M.o [5]
  .rodata              const    0x00004cc8     0x8  main.o [1]
  .rodata              const    0x00004cd0     0x8  main.o [1]
  .rodata              const    0x00004cd8     0x0  zero_init3.o [5]
  Initializer bytes    const    0x00004cd8    0x88  <for P2 s0>
                              - 0x00004d60  0x4948

"P2":                                        0x9b4
  .data                         0x14000000   0x808  <Block>
    .data-1                     0x14000000   0x808  <Init block>
      .data            inited   0x14000000     0x1  LDC1000.o [1]
      .data            inited   0x14000001     0x1  LDC1000.o [1]
      .data            inited   0x14000002     0x1  LDC1000.o [1]
      .data            inited   0x14000003     0x1  LDC1000.o [1]
      .data            inited   0x14000004     0x4  main.o [1]
      .data            inited   0x14000008     0x4  main.o [1]
      .data            inited   0x1400000c     0x4  main.o [1]
      .data            inited   0x14000010     0x1  main.o [1]
      .data            inited   0x14000014   0x708  MK60_conf.o [1]
      .data            inited   0x1400071c     0xc  MK60_ftm.o [1]
      .data            inited   0x14000728    0x14  MK60_gpio.o [1]
      .data            inited   0x1400073c    0x58  MK60_mcg.o [1]
      .data            inited   0x14000794     0x4  MK60_mcg.o [1]
      .data            inited   0x14000798    0x14  MK60_port.o [1]
      .data            inited   0x140007ac    0x18  MK60_uart.o [1]
      .data            inited   0x140007c4     0x4  VCAN_LED.o [1]
      .data            inited   0x140007c8    0x40  xfiles.o [3]
  CodeRelocateRam               0x14000808    0x50  <Block>
    CodeRelocateRam-1           0x14000808    0x50  <Init block>
      .textrw          inited   0x14000808    0x50  MK60_mcg.o [1]
  .bss                          0x14000858    0xd4  <Block>
    .bss               zero     0x14000858     0xc  LDC1000.o [1]
    .bss               zero     0x14000864     0xc  LDC1000.o [1]
    .bss               zero     0x14000870     0x4  LDC1000.o [1]
    .bss               zero     0x14000874     0x4  LDC1000.o [1]
    .bss               zero     0x14000878     0x4  LDC1000.o [1]
    .bss               zero     0x1400087c     0x4  LDC1000.o [1]
    .bss               zero     0x14000880     0x4  LDC1000.o [1]
    .bss               zero     0x14000884     0x4  LDC1000.o [1]
    .bss               zero     0x14000888     0x4  LDC1000.o [1]
    .bss               zero     0x1400088c     0x4  LDC1000.o [1]
    .bss               zero     0x14000890     0x4  LDC1000.o [1]
    .bss               zero     0x14000894     0x4  LDC1000.o [1]
    .bss               zero     0x14000898     0x4  LDC1000.o [1]
    .bss               zero     0x1400089c     0x4  LDC1000.o [1]
    .bss               zero     0x140008a0     0x4  LDC1000.o [1]
    .bss               zero     0x140008a4     0x4  LDC1000.o [1]
    .bss               zero     0x140008a8     0x4  LDC1000.o [1]
    .bss               zero     0x140008ac     0x4  main.o [1]
    .bss               zero     0x140008b0     0x4  main.o [1]
    .bss               zero     0x140008b4     0x4  main.o [1]
    .bss               zero     0x140008b8     0x4  main.o [1]
    .bss               zero     0x140008bc     0x4  main.o [1]
    .bss               zero     0x140008c0     0x4  main.o [1]
    .bss               zero     0x140008c4     0x4  main.o [1]
    .bss               zero     0x140008c8     0x4  system_MK60DZ10.o [1]
    .bss               zero     0x140008cc     0x4  system_MK60DZ10.o [1]
    .bss               zero     0x140008d0     0x4  system_MK60DZ10.o [1]
    .bss               zero     0x140008d4    0x50  xfiles.o [3]
    .bss               zero     0x14000924     0x2  LDC1000.o [1]
    .bss               zero     0x14000926     0x2  LDC1000.o [1]
    .bss               zero     0x14000928     0x1  main.o [1]
    .bss               zero     0x14000929     0x1  main.o [1]
    .bss               zero     0x1400092a     0x1  main.o [1]
  P2 s0                         0x1400092c    0x88  <Init block>
    __DLIB_PERTHREAD   inited   0x1400092c    0x88  localeconv.o [3]
                              - 0x140009b4   0x9b4


*******************************************************************************
*** INIT TABLE
***

          Address     Size
          -------     ----
Zero (__iar_zero_init3)
    1 destination range, total size 0xd3:
          0x14000858  0xd3



*******************************************************************************
*** MODULE SUMMARY
***

    Module                 ro code  rw code  ro data  rw data
    ------                 -------  -------  -------  -------
F:\电轨程序1\电轨程序22\Prj\IAR\FX15_Debug\Obj: [1]
    LDC1000.o                1 424                 4       92
    MK60_PIT.o                 192                56
    MK60_conf.o                148             1 899    1 800
    MK60_ftm.o                 920                68       12
    MK60_gpio.o                420                76       20
    MK60_it.o                    2
    MK60_mcg.o                 952       80      172       92
    MK60_port.o                 76                20       20
    MK60_uart.o                576                80       24
    MK60_wdog.o                 64
    VCAN_LED.o                  80                 4        4
    main.o                   1 476                29       44
    misc.o                      44                52
    oled.o                   1 756               552
    startup_MK60DZ10.o           8
    system_MK60DZ10.o          288                         12
    vectors.o                                  1 040
    ---------------------------------------------------------
    Total:                   8 426       80    4 052    2 120

command line: [2]
    ---------------------------------------------------------
    Total:

dl7M_tlf.a: [3]
    div.o                       14
    exit.o                       4
    localeconv.o               108               136      136
    low_level_init.o             4
    printf.o                    36
    putchar.o                   12
    xfiles.o                                      64      144
    xprintflarge_nomb.o      3 062
    xprout.o                    22
    xtls.o                       2
    ---------------------------------------------------------
    Total:                   3 264               200      280

m7M_tl.a: [4]
    DblAdd.o                   232
    DblCmpLe.o                  46
    DblDiv.o                   598
    DblMul.o                   418
    DblSub.o                   384
    DblToFlt.o                 144
    DblToI32.o                  88
    FltAdd.o                   132
    FltCmpGe.o                  36
    FltCmpLe.o                  36
    FltDiv.o                   252
    FltMul.o                   216
    FltSub.o                   230
    FltToDbl.o                  78
    FltToS32.o                  68
    I32ToDbl.o                  48
    I32ToFlt.o                  50
    xdnorm.o                    66
    ---------------------------------------------------------
    Total:                   3 122

rt7M_tl.a: [5]
    ABImemcpy_unaligned.o      118
    I64DivMod.o                238
    I64DivZer.o                  2
    XXexit.o                    12
    cexit.o                     10
    cmain.o                     26
    cstartup_M.o                12
    data_init.o                 40
    memchr.o                    88
    strchr.o                    22
    strlen.o                    54
    zero_init3.o                64
    ---------------------------------------------------------
    Total:                     686

    Gaps                        28                          3
    Linker created               8                20
-------------------------------------------------------------
    Grand Total:            15 534       80    4 272    2 403


*******************************************************************************
*** ENTRY LIST
***

Entry                      Address   Size  Type      Object
-----                      -------   ----  ----      ------
.bss$$Base              0x14000858          --   Gb  - Linker created -
.bss$$Limit             0x1400092c          --   Gb  - Linker created -
.data$$Base             0x14000000          --   Gb  - Linker created -
.data$$Limit            0x14000808          --   Gb  - Linker created -
.data_init$$Base        0x00001a00          --   Gb  - Linker created -
.data_init$$Limit       0x0000220c          --   Gb  - Linker created -
.iar.init_table$$Base   0x00004c4c          --   Gb  - Linker created -
.iar.init_table$$Limit  0x00004c5c          --   Gb  - Linker created -
?main                   0x00004c5d         Code  Gb  cmain.o [5]
ASSERT_FAILED_STR       0x00004c28   0x24  Data  Gb  MK60_conf.o [1]
CodeRelocate$$Base      0x00004a20          --   Gb  - Linker created -
CodeRelocate$$Limit     0x00004a70          --   Gb  - Linker created -
CodeRelocateRam$$Base   0x14000808          --   Gb  - Linker created -
CodeRelocateRam$$Limit  0x14000858          --   Gb  - Linker created -
F6x8                    0x0000466c  0x228  Data  Gb  oled.o [1]
FLOAT_LDC_init1         0x0000370d   0xb2  Code  Gb  LDC1000.o [1]
FLOAT_LDC_init2         0x000039bd   0x9e  Code  Gb  LDC1000.o [1]
FLOAT_SPI_RW1           0x000038c1   0x54  Code  Gb  LDC1000.o [1]
FLOAT_SPI_RW2           0x00003b81   0x54  Code  Gb  LDC1000.o [1]
FLOAT_SPI_Read_Buf1     0x0000397d   0x40  Code  Gb  LDC1000.o [1]
FLOAT_SPI_Read_Buf2     0x00003c3d   0x40  Code  Gb  LDC1000.o [1]
FLOAT_SPI_init1         0x0000387d   0x44  Code  Gb  LDC1000.o [1]
FLOAT_SPI_init2         0x00003b3d   0x44  Code  Gb  LDC1000.o [1]
FLOAT_Singal_SPI_Write1
                        0x00003919   0x64  Code  Gb  LDC1000.o [1]
FLOAT_Singal_SPI_Write2
                        0x00003bd9   0x64  Code  Gb  LDC1000.o [1]
FLOAT_delay_us          0x000036ed   0x20  Code  Gb  LDC1000.o [1]
FTMN                    0x1400071c    0xc  Data  Gb  MK60_ftm.o [1]
FTM_PWM_Duty            0x000035eb   0xee  Code  Gb  MK60_ftm.o [1]
FTM_PWM_init            0x0000346d  0x17e  Code  Gb  MK60_ftm.o [1]
FTM_port_mux            0x00003355  0x118  Code  Gb  MK60_ftm.o [1]
GIPO_init               0x00002bed   0x6c  Code  Gb  main.o [1]
GPIOX                   0x14000728   0x14  Data  Gb  MK60_gpio.o [1]
LCD_CLS                 0x00002375   0x3c  Code  Gb  oled.o [1]
LCD_DLY_ms              0x000023b1   0x1a  Code  Gb  oled.o [1]
LCD_Fill                0x00002335   0x40  Code  Gb  oled.o [1]
LCD_Init                0x000023cb  0x120  Code  Gb  oled.o [1]
LCD_Set_Pos             0x00002307   0x2e  Code  Gb  oled.o [1]
LCD_WrCmd               0x0000228d   0x7a  Code  Gb  oled.o [1]
LCD_WrDat               0x0000220d   0x7e  Code  Gb  oled.o [1]
LDC_val                 0x140008a0    0x4  Data  Gb  LDC1000.o [1]
LDC_val1                0x140008a4    0x4  Data  Gb  LDC1000.o [1]
LDC_val2                0x140008a8    0x4  Data  Gb  LDC1000.o [1]
LED_PTxn                0x140007c4    0x4  Data  Gb  VCAN_LED.o [1]
LoadInt                 0x00000999   0x6e  Code  Lc  xprintflarge_nomb.o [3]
PIT0_IRQHandler         0x0000100f    0x2  Code  Gb  MK60_it.o [1]
PORTX                   0x14000798   0x14  Data  Gb  MK60_port.o [1]
RFREQ                   0x14000002    0x1  Data  Gb  LDC1000.o [1]
RPMAX                   0x14000000    0x1  Data  Gb  LDC1000.o [1]
RPMIN                   0x14000001    0x1  Data  Gb  LDC1000.o [1]
Region$$Table$$Base     0x00004c4c          --   Gb  - Linker created -
Region$$Table$$Limit    0x00004c5c          --   Gb  - Linker created -
Reset_Handler           0x00000411         Code  Gb  startup_MK60DZ10.o [1]
UARTN                   0x140007ac   0x18  Data  Gb  MK60_uart.o [1]
_GenldLargeNoMb         0x00000d8d  0x238  Code  Lc  xprintflarge_nomb.o [3]
_LdtobLargeNoMb         0x00000b0d  0x27a  Code  Lc  xprintflarge_nomb.o [3]
_LitobLargeNoMb         0x00000a07  0x106  Code  Lc  xprintflarge_nomb.o [3]
_Locale_aeabi_lconv     0x1400097c   0x38  Data  Gb  localeconv.o [3]
_Locale_lconv           0x1400092c   0x50  Data  Gb  localeconv.o [3]
_PrintfLargeNoMb        0x00000419  0x57a  Code  Gb  xprintflarge_nomb.o [3]
_Prout                  0x00004c99   0x16  Code  Gb  xprout.o [3]
_PutcharsLargeNoMb      0x00000fc5   0x2e  Code  Lc  xprintflarge_nomb.o [3]
__BOOT_STACK_ADDRESS {Abs}
                        0x2000fff8          --   Gb  command line/config [2]
__VECTOR_RAM {Abs}      0x1fff0000          --   Gb  command line/config [2]
__VECTOR_TABLE {Abs}    0x00000000          --   Gb  command line/config [2]
__aeabi_cdcmple         0x00001261         Code  Gb  DblCmpLe.o [4]
__aeabi_cfcmple         0x000028e9         Code  Gb  FltCmpLe.o [4]
__aeabi_cfrcmple        0x00002a6d         Code  Gb  FltCmpGe.o [4]
__aeabi_d2f             0x00003dc9         Code  Gb  DblToFlt.o [4]
__aeabi_d2iz            0x0000168d         Code  Gb  DblToI32.o [4]
__aeabi_d2uiz           0x000016b9         Code  Gb  DblToI32.o [4]
__aeabi_dadd            0x00001915         Code  Gb  DblAdd.o [4]
__aeabi_ddiv            0x00001435         Code  Gb  DblDiv.o [4]
__aeabi_dmul            0x00001291         Code  Gb  DblMul.o [4]
__aeabi_dsub            0x00001715         Code  Gb  DblSub.o [4]
__aeabi_f2d             0x00003d79         Code  Gb  FltToDbl.o [4]
__aeabi_f2iz            0x0000290d         Code  Gb  FltToS32.o [4]
__aeabi_fadd            0x00002b69         Code  Gb  FltAdd.o [4]
__aeabi_fdiv            0x00003c7d         Code  Gb  FltDiv.o [4]
__aeabi_fmul            0x00002a91         Code  Gb  FltMul.o [4]
__aeabi_fsub            0x00002985         Code  Gb  FltSub.o [4]
__aeabi_i2d             0x000016e5         Code  Gb  I32ToDbl.o [4]
__aeabi_i2f             0x00002951         Code  Gb  I32ToFlt.o [4]
__aeabi_ldiv0           0x00001911         Code  Gb  I64DivZer.o [5]
__aeabi_ui2d            0x000016f9         Code  Gb  I32ToDbl.o [4]
__aeabi_ui2f            0x00002965         Code  Gb  I32ToFlt.o [4]
__aeabi_uldivmod        0x000010b9         Code  Gb  I64DivMod.o [5]
__cmain                 0x00004c5d         Code  Gb  cmain.o [5]
__code_start__ {Abs}    0x00000410          --   Gb  command line/config [2]
__exit                  0x00004c8d         Code  Gb  XXexit.o [5]
__iar_Dnorm             0x0000121f   0x42  Code  Gb  xdnorm.o [4]
__iar_Locale_lconv_init
                        0x00001895   0x3a  Code  Gb  localeconv.o [3]
__iar_Memchr            0x00001061         Code  Gb  memchr.o [5]
__iar_Stdout            0x140007c8   0x40  Data  Gb  xfiles.o [3]
__iar_Strchr            0x00001011         Code  Gb  strchr.o [5]
__iar_d2uiz             0x000016c5         Code  Gb  DblToI32.o [4]
__iar_dadd              0x00001929         Code  Gb  DblAdd.o [4]
__iar_data_init3        0x00004c01   0x28  Code  Gb  data_init.o [5]
__iar_dlib_perthread_access
                        0x000019fd    0x2  Code  Gb  xtls.o [3]
__iar_dsub              0x00001729         Code  Gb  DblSub.o [4]
__iar_dsubStart         0x0000173b         Code  Gb  DblSub.o [4]
__iar_fadd              0x00002b79         Code  Gb  FltAdd.o [4]
__iar_fsub              0x00002995         Code  Gb  FltSub.o [4]
__iar_fsubStart         0x000029a5         Code  Gb  FltSub.o [4]
__iar_program_start     0x00004cbd         Code  Gb  cstartup_M.o [5]
__iar_ui2d              0x000016fd         Code  Gb  I32ToDbl.o [4]
__iar_ui2f              0x00002969         Code  Gb  I32ToFlt.o [4]
__iar_unaligned___aeabi_memcpy
                        0x000011a9         Code  Gb  ABImemcpy_unaligned.o [5]
__iar_unaligned___aeabi_memcpy4
                        0x000011c9         Code  Gb  ABImemcpy_unaligned.o [5]
__iar_unaligned___aeabi_memcpy8
                        0x000011c9         Code  Gb  ABImemcpy_unaligned.o [5]
__iar_zero_init3        0x00004a71   0x40  Code  Gb  zero_init3.o [5]
__low_level_init        0x00004c77    0x4  Code  Gb  low_level_init.o [3]
__vector_table          0x00000000  0x410  Data  Gb  vectors.o [1]
_call_main              0x00004c69         Code  Gb  cmain.o [5]
_exit                   0x00004c81         Code  Gb  cexit.o [5]
_main                   0x00004c73         Code  Gb  cmain.o [5]
assert_failed           0x000040e5   0x30  Code  Gb  MK60_conf.o [1]
bus_clk_khz             0x140008d0    0x4  Data  Gb  system_MK60DZ10.o [1]
common_startup          0x000048e5   0x98  Code  Gb  system_MK60DZ10.o [1]
core_clk_khz            0x140008c8    0x4  Data  Gb  system_MK60DZ10.o [1]
core_clk_mhz            0x140008cc    0x4  Data  Gb  system_MK60DZ10.o [1]
deal_position           0x00002d69  0x1e4  Code  Gb  main.o [1]
default_isr             0x00004129   0x3a  Code  Gb  MK60_conf.o [1]
div                     0x00001901    0xe  Code  Gb  div.o [3]
error                   0x140008b0    0x4  Data  Gb  main.o [1]
exit                    0x00004c7b    0x4  Code  Gb  exit.o [3]
f                       0x140008c4    0x4  Data  Gb  main.o [1]
fputc                   0x00004115   0x14  Code  Gb  MK60_conf.o [1]
get_position            0x00002d09   0x60  Code  Gb  main.o [1]
gpio_get                0x0000330d   0x3e  Code  Gb  MK60_gpio.o [1]
gpio_init               0x000031b1   0xae  Code  Gb  MK60_gpio.o [1]
gpio_set                0x0000325f   0x74  Code  Gb  MK60_gpio.o [1]
gpio_turn               0x000032d3   0x3a  Code  Gb  MK60_gpio.o [1]
jiaodu                  0x140008b8    0x4  Data  Gb  main.o [1]
ldc_read_avr1           0x000037bf   0xbe  Code  Gb  LDC1000.o [1]
ldc_read_avr2           0x00003a5b   0x90  Code  Gb  LDC1000.o [1]
led_init                0x00004179   0x3a  Code  Gb  VCAN_LED.o [1]
led_turn                0x000041b3   0x10  Code  Gb  VCAN_LED.o [1]
line_num                0x14000929    0x1  Data  Gb  main.o [1]
localeconv              0x000018cf   0x16  Code  Gb  localeconv.o [3]
m                       0x140008bc    0x4  Data  Gb  main.o [1]
main                    0x00003175   0x3c  Code  Gb  main.o [1]
mcg_cfg                 0x1400073c   0x58  Data  Gb  MK60_mcg.o [1]
mcg_div                 0x14000794    0x4  Data  Gb  MK60_mcg.o [1]
mcg_div_count           0x000042b5  0x2e8  Code  Gb  MK60_mcg.o [1]
memchr                  0x00001061         Code  Gb  memchr.o [5]
mid_angle               0x14000004    0x4  Data  Gb  main.o [1]
motor_control           0x000030d1   0x24  Code  Gb  main.o [1]
n                       0x140008c0    0x4  Data  Gb  main.o [1]
obuf                    0x140008d4   0x50  Data  Lc  xfiles.o [3]
orgVal1                 0x14000858    0xc  Data  Gb  LDC1000.o [1]
orgVal2                 0x14000864    0xc  Data  Gb  LDC1000.o [1]
page_num                0x14000928    0x1  Data  Gb  main.o [1]
pit_delay               0x000041ed   0xb0  Code  Gb  MK60_PIT.o [1]
pll_init                0x0000459d   0xb2  Code  Gb  MK60_mcg.o [1]
port_init               0x00004099   0x44  Code  Gb  MK60_port.o [1]
pre_show                0x00002c59   0xac  Code  Gb  main.o [1]
printf                  0x000041c9   0x24  Code  Gb  printf.o [3]
proximtyData1           0x14000924    0x2  Data  Gb  LDC1000.o [1]
proximtyData2           0x14000926    0x2  Data  Gb  LDC1000.o [1]
proximtyDataAVE1        0x14000880    0x4  Data  Gb  LDC1000.o [1]
proximtyDataAVE2        0x14000898    0x4  Data  Gb  LDC1000.o [1]
proximtyDataAVE_LAS1    0x14000884    0x4  Data  Gb  LDC1000.o [1]
proximtyDataAVE_LAS2    0x1400089c    0x4  Data  Gb  LDC1000.o [1]
proximtyDataMAX1        0x14000874    0x4  Data  Gb  LDC1000.o [1]
proximtyDataMAX2        0x1400088c    0x4  Data  Gb  LDC1000.o [1]
proximtyDataMIN1        0x14000878    0x4  Data  Gb  LDC1000.o [1]
proximtyDataMIN2        0x14000890    0x4  Data  Gb  LDC1000.o [1]
proximtyDataSUM1        0x1400087c    0x4  Data  Gb  LDC1000.o [1]
proximtyDataSUM2        0x14000894    0x4  Data  Gb  LDC1000.o [1]
proximtyDataTEMP1       0x14000870    0x4  Data  Gb  LDC1000.o [1]
proximtyDataTEMP2       0x14000888    0x4  Data  Gb  LDC1000.o [1]
putchar                 0x00004cb1    0xc  Code  Gb  putchar.o [3]
real_speed              0x1400092a    0x1  Data  Gb  main.o [1]
rpi_max                 0x14000003    0x1  Data  Gb  LDC1000.o [1]
servo_PWM               0x140008b4    0x4  Data  Gb  main.o [1]
servo_control1          0x00002f4d  0x184  Code  Gb  main.o [1]
servo_middle            0x1400000c    0x4  Data  Gb  main.o [1]
set_sys_dividers        0x14000809   0x50  Code  Gb  MK60_mcg.o [1]
speed_expect            0x14000010    0x1  Data  Gb  main.o [1]
start                   0x00004895   0x14  Code  Gb  system_MK60DZ10.o [1]
strchr                  0x00001011         Code  Gb  strchr.o [5]
strlen                  0x00001029         Code  Gb  strlen.o [5]
sysinit                 0x000048a9   0x3c  Code  Gb  system_MK60DZ10.o [1]
top_k                   0x14000008    0x4  Data  Gb  main.o [1]
uart_init               0x00003e59  0x20c  Code  Gb  MK60_uart.o [1]
uart_putchar            0x00004065   0x1a  Code  Gb  MK60_uart.o [1]
vector_str              0x14000014  0x708  Data  Gb  MK60_conf.o [1]
wdog_disable            0x000049b5   0x16  Code  Gb  MK60_wdog.o [1]
wdog_unlock             0x000049cd   0x20  Code  Lc  MK60_wdog.o [1]
worse                   0x140008ac    0x4  Data  Gb  main.o [1]
write_6_8_char          0x000024eb   0x50  Code  Gb  oled.o [1]
write_6_8_number        0x000025b7  0x2f8  Code  Gb  oled.o [1]
write_6_8_string        0x0000253b   0x7c  Code  Gb  oled.o [1]
write_vtor              0x000049f5   0x22  Code  Gb  misc.o [1]


[1] = F:\电轨程序1\电轨程序22\Prj\IAR\FX15_Debug\Obj
[2] = command line
[3] = dl7M_tlf.a
[4] = m7M_tl.a
[5] = rt7M_tl.a

  15 534 bytes of readonly  code memory
      80 bytes of readwrite code memory
   4 272 bytes of readonly  data memory
   2 403 bytes of readwrite data memory

Errors: none
Warnings: none
